// Jest Snapshot v1, https://goo.gl/fbAQLP

exports[`test/navbar should first 1`] = `
<div
  className="head"
>
  <a
    aria-current="page"
    className="active"
    href="/"
    onClick={[Function]}
  >
    <svg
      className="Icon"
      fill="currentColor"
      height="1em"
      stroke="currentColor"
      strokeWidth="0"
      style={
        Object {
          "color": undefined,
        }
      }
      viewBox="0 0 256 512"
      width="1em"
      xmlns="http://www.w3.org/2000/svg"
    >
      <path
        d="M31.7 239l136-136c9.4-9.4 24.6-9.4 33.9 0l22.6 22.6c9.4 9.4 9.4 24.6 0 33.9L127.9 256l96.4 96.4c9.4 9.4 9.4 24.6 0 33.9L201.7 409c-9.4 9.4-24.6 9.4-33.9 0l-136-136c-9.5-9.4-9.5-24.6-.1-34z"
      />
    </svg>
  </a>
  <h3>
    <a
      href="https://www.indmoney.com/us-stocks/top-tech-stocks"
    >
      US Technology Company
    </a>
  </h3>
</div>
`;
